// Jest Snapshot v1, https://goo.gl/fbAQLP

exports[`<BlogPost /> should render header, excerpt, cover, metadata and BlogPost 1`] = `
.c6 {
  display: -webkit-box;
  display: -webkit-flex;
  display: -ms-flexbox;
  display: flex;
  -webkit-flex-direction: column;
  -ms-flex-direction: column;
  flex-direction: column;
  -webkit-align-items: center;
  -webkit-box-align: center;
  -ms-flex-align: center;
  align-items: center;
}

.c6 .post-cover {
  display: -webkit-box;
  display: -webkit-flex;
  display: -ms-flexbox;
  display: flex;
  -webkit-flex-direction: column;
  -ms-flex-direction: column;
  flex-direction: column;
  -webkit-align-items: center;
  -webkit-box-align: center;
  -ms-flex-align: center;
  align-items: center;
}

.c6 img {
  max-width: 100%;
  height: 480px;
}

.c6 h1 {
  font-size: 5.6rem;
  color: #333;
}

.c6 h2 {
  font-size: 2.4rem;
  font-weight: normal;
  color: #aaaaaa;
}

.c6 .separator-header {
  width: 80%;
  height: 1px;
  background-color: #DDDDDD;
}

.c7 {
  font-size: 16px;
  color: #aaaaaa;
  font-style: italic;
}

.c7 a {
  color: #dc143c;
  -webkit-text-decoration: none;
  text-decoration: none;
  -webkit-transition: all 300ms ease-in-out;
  transition: all 300ms ease-in-out;
}

.c7:hover {
  -webkit-filter: brightness(50%);
  filter: brightness(50%);
}

.c2 {
  color: #0A1128;
  font-size: 2.4rem;
  text-transform: uppercase;
}

.c5 {
  color: #0A1128;
  font-size: 2.4rem;
  text-transform: none;
}

.c3 {
  display: -webkit-box;
  display: -webkit-flex;
  display: -ms-flexbox;
  display: flex;
  -webkit-align-items: center;
  -webkit-box-align: center;
  -ms-flex-align: center;
  align-items: center;
  -webkit-text-decoration: none;
  text-decoration: none;
  color: inherit;
}

.c3 > img {
  width: 15rem;
  height: 15rem;
  border-radius: 50%;
}

.c0 {
  display: -webkit-box;
  display: -webkit-flex;
  display: -ms-flexbox;
  display: flex;
  -webkit-align-items: center;
  -webkit-box-align: center;
  -ms-flex-align: center;
  align-items: center;
  -webkit-box-pack: center;
  -webkit-justify-content: center;
  -ms-flex-pack: center;
  justify-content: center;
  padding-bottom: 6.4rem;
  width: 100%;
  max-width: 96rem color:#333;
  font-size: 1.6rem;
  margin: 0 auto;
}

.c0 .c1 {
  margin: 0 0 calc(1.6rem - 1rem);
}

.c4 {
  display: -webkit-box;
  display: -webkit-flex;
  display: -ms-flexbox;
  display: flex;
  -webkit-flex-flow: column wrap;
  -ms-flex-flow: column wrap;
  flex-flow: column wrap;
  margin-left: 3.2rem;
  max-width: 48rem;
}

.c8 {
  font-size: 2.4rem;
  margin: 35px;
}

.c8 p {
  font-size: 1.8;
}

.c8 a,
.c8 a:visited,
.c8 a:link {
  color: #dc143c;
  -webkit-text-decoration: none;
  text-decoration: none;
  -webkit-transition: all 300ms ease-in-out;
  transition: all 300ms ease-in-out;
}

.c8 a:hover {
  -webkit-filter: brightness(50%);
  filter: brightness(50%);
}

.c8 pre {
  background: #0A1128;
  padding: 2.4rem;
  font-family: monospace;
  color: #FFFFFF;
  margin: 4.0rem 0;
  width: 100%;
  overflow-x: auto;
  font-size: 1.6rem;
}

.c8 img {
  max-width: 100%;
}

.c8 .image {
  background: #DDDDDD;
  line-height: 0;
}

.c8 .image figcaption {
  font-size: 1.6rem;
  padding: 1.6rem;
  text-align: center;
  line-height: 1.3;
}

.c8 .image-style-side {
  float: right;
  max-width: 50%;
  margin: 2.4rem;
}

.c8 hr {
  border: none;
  border-bottom: 0.1rem solid #DDDDDD;
}

.c8 .table {
  width: 100%;
  overflow: hidden;
  overflow-x: auto;
}

.c8 table {
  width: 100%;
}

.c8 table td,
.c8 table th {
  padding: 1.6rem;
}

.c8 ul,
.c8 ol {
  margin: 4.0rem;
}

@media (max-width:768px) {
  .c8 {
    font-size: 1.8rem;
  }

  .c8 .image-style-side {
    max-width: 100%;
    float: none;
    margin: 0;
  }
}

<div>
  <div
    class=""
  >
    <header
      class="c0"
    >
      <h1
        class="c1 c2"
      >
        <a
          class="c3"
          href="/"
          target="_self"
        >
          <img
            alt="Fabio's Blog - O Blog do Fabinho."
            src="/assets/images/logo.png"
          />
        </a>
      </h1>
      <div
        class="c4"
      >
        <h1
          class="c1 c5"
        >
          Fabio's Blog
        </h1>
        <p>
          O Blog do Fabinho.
        </p>
      </div>
    </header>
    <div
      class="c6"
    >
      <div>
        <h1>
          Primeiro Post
        </h1>
        <h2>
          Lorem ipsum dolor sit amet, consectetur adipiscing elit. Quisque rhoncus maximus ex, id auctor lacus dignissim a. Nulla eu
        </h2>
        <div
          class="post-cover"
        >
          <img
            alt="Primeiro Post"
            src="/assets/images/logo.png"
          />
          <div
            class="c7"
          >
            <p>
              <span>
                Por 
              </span>
              <a
                href="/author/fabio-celeste"
              >
                Fabio Celeste
              </a>
              <span
                class="separator"
              >
                 | 
              </span>
              <time
                datetime="2022-01-28T02:53:53.880Z"
              >
                27 de jan. de 2022
              </time>
              <span
                class="separator"
              >
                 | 
              </span>
              <span
                class="category"
              >
                <a
                  href="/cetegory/java-script"
                >
                  JavaScript
                </a>
              </span>
            </p>
          </div>
        </div>
      </div>
      <div
        class="separator-header"
      />
    </div>
    <div
      class="c8"
    >
      <p
        style="margin-left:0px;text-align:justify;"
      >
        Lorem ipsum dolor sit amet, consectetur adipiscing elit. Quisque rhoncus maximus ex, id auctor lacus dignissim a. Nulla eu leo placerat, varius dui id, euismod ex. Integer tempus nulla dui, id gravida sapien feugiat et. Mauris molestie elementum lacus sit amet aliquet. Nam mollis convallis massa, sit amet commodo nisi facilisis in. Sed rhoncus risus tellus, sollicitudin luctus mauris molestie id. Donec venenatis sodales orci, ut aliquet ex laoreet quis. Sed quis mauris a augue pulvinar imperdiet. Etiam feugiat libero purus, id lobortis libero lacinia vitae. Duis hendrerit augue magna, et pellentesque ipsum interdum sit amet.
      </p>
      <p
        style="margin-left:0px;text-align:justify;"
      >
         
      </p>
      <p
        style="margin-left:0px;text-align:justify;"
      >
        Praesent auctor nisi a laoreet placerat. Integer nibh turpis, egestas vel orci ac, sodales ultrices velit. Morbi justo urna, blandit vitae mattis at, sollicitudin ac dui. Orci varius natoque penatibus et magnis dis parturient montes, nascetur ridiculus mus. In hac habitasse platea dictumst. Quisque ac nisl felis. Morbi aliquam erat et turpis maximus, non ultrices nulla aliquet. Donec porttitor tortor non nisl feugiat condimentum. Sed fringilla pharetra tellus vel semper. Aliquam ut arcu odio. Etiam porttitor purus vitae tellus scelerisque, sit amet pellentesque ligula molestie.
      </p>
      <p
        style="margin-left:0px;text-align:justify;"
      >
        Ut faucibus odio diam, nec egestas tortor tincidunt non. Nulla volutpat enim et dolor scelerisque, sed vehicula justo fermentum. Cras ut condimentum ex. Fusce ac enim convallis, ultrices nisl sit amet, porttitor urna. Etiam ultrices ipsum a pharetra gravida. Integer suscipit sem et interdum consequat. Aenean commodo pretium dui sit amet fringilla. Vestibulum ante ipsum primis in faucibus orci luctus et ultrices posuere cubilia curae; Maecenas cursus odio id nisi aliquam vehicula. Morbi et nunc tellus. Sed vel turpis tincidunt, finibus magna ac, venenatis ante. Nulla in nulla ipsum. Curabitur efficitur tellus vestibulum arcu feugiat, vel iaculis nisi venenatis.
      </p>
      <p
        style="margin-left:0px;text-align:justify;"
      >
         
      </p>
      <p
        style="margin-left:0px;text-align:justify;"
      >
        Aliquam vel diam purus. Nam auctor dolor id magna cursus, a ornare felis commodo. Integer in auctor nibh. Mauris pharetra bibendum aliquet. Phasellus at justo dui. Sed ligula orci, varius eget sem vitae, porttitor aliquam mi. Sed justo ipsum, interdum non tempor vitae, viverra ac eros. Ut malesuada, nisi in aliquam interdum, diam diam vulputate lorem, et lacinia turpis mauris id odio. Donec sem arcu, convallis at blandit vitae, faucibus vitae magna. Aliquam scelerisque elit urna, a cursus justo scelerisque a. Quisque lacinia mauris eget venenatis euismod. Donec ac est quis nulla commodo rhoncus at sit amet arcu. Nulla viverra, lacus eget sodales eleifend, justo augue tempus leo, id ornare turpis orci vel metus. Integer turpis quam, ultrices ut vulputate nec, viverra sit amet risus. Suspendisse rutrum est in tincidunt porttitor.
      </p>
    </div>
  </div>
</div>
`;
